client,available,held,total,locked
1,50.0000,0.0000,50.0000,true
