client,available,held,total,locked
1,25.0000,0.0000,25.0000,false
