client,available,held,total,locked
1,75.0000,0.0000,75.0000,false
2,150.0000,0.0000,150.0000,false
3,0.0000,300.0000,300.0000,false
