client,available,held,total,locked
1,4.4664,0.0000,4.4664,false
