client,available,held,total,locked
1,75.0000,0.0000,75.0000,false
