client,available,held,total,locked
1,74.5000,0.0000,74.5000,false
2,50.2500,0.0000,50.2500,false
