client,available,held,total,locked
1,70.0000,0.0000,70.0000,false
