client,available,held,total,locked
1,100.0000,0.0000,100.0000,false
2,200.0000,0.0000,200.0000,false
