client,available,held,total,locked
1,125.0000,0.0000,125.0000,true
