client,available,held,total,locked
1,499999.5000,0.0000,499999.5000,false
